// Jest Snapshot v1, https://goo.gl/fbAQLP

exports[`CoinSlotPanel tests should render 1`] = `
<DocumentFragment>
  <div
    class="grid grid-cols-3 gap-2"
  >
    <button
      class="inline-flex items-center justify-center gap-2 whitespace-nowrap text-sm font-medium transition-colors focus-visible:outline-none focus-visible:ring-1 focus-visible:ring-neutral-950 disabled:pointer-events-none disabled:opacity-50 [&_svg]:pointer-events-none [&_svg]:size-4 [&_svg]:shrink-0 dark:focus-visible:ring-neutral-300 border border-neutral-200 bg-white shadow-sm hover:bg-neutral-100 hover:text-neutral-900 dark:border-neutral-800 dark:bg-neutral-950 dark:hover:bg-neutral-800 dark:hover:text-neutral-50 px-4 py-2 undefined rounded-full w-[3rem] h-[3rem]"
    >
      0.01
    </button>
    <button
      class="inline-flex items-center justify-center gap-2 whitespace-nowrap text-sm font-medium transition-colors focus-visible:outline-none focus-visible:ring-1 focus-visible:ring-neutral-950 disabled:pointer-events-none disabled:opacity-50 [&_svg]:pointer-events-none [&_svg]:size-4 [&_svg]:shrink-0 dark:focus-visible:ring-neutral-300 border border-neutral-200 bg-white shadow-sm hover:bg-neutral-100 hover:text-neutral-900 dark:border-neutral-800 dark:bg-neutral-950 dark:hover:bg-neutral-800 dark:hover:text-neutral-50 px-4 py-2 undefined rounded-full w-[3rem] h-[3rem]"
    >
      0.02
    </button>
    <button
      class="inline-flex items-center justify-center gap-2 whitespace-nowrap text-sm font-medium transition-colors focus-visible:outline-none focus-visible:ring-1 focus-visible:ring-neutral-950 disabled:pointer-events-none disabled:opacity-50 [&_svg]:pointer-events-none [&_svg]:size-4 [&_svg]:shrink-0 dark:focus-visible:ring-neutral-300 border border-neutral-200 bg-white shadow-sm hover:bg-neutral-100 hover:text-neutral-900 dark:border-neutral-800 dark:bg-neutral-950 dark:hover:bg-neutral-800 dark:hover:text-neutral-50 px-4 py-2 undefined rounded-full w-[3rem] h-[3rem]"
    >
      0.05
    </button>
    <button
      class="inline-flex items-center justify-center gap-2 whitespace-nowrap text-sm font-medium transition-colors focus-visible:outline-none focus-visible:ring-1 focus-visible:ring-neutral-950 disabled:pointer-events-none disabled:opacity-50 [&_svg]:pointer-events-none [&_svg]:size-4 [&_svg]:shrink-0 dark:focus-visible:ring-neutral-300 border border-neutral-200 bg-white shadow-sm hover:bg-neutral-100 hover:text-neutral-900 dark:border-neutral-800 dark:bg-neutral-950 dark:hover:bg-neutral-800 dark:hover:text-neutral-50 px-4 py-2 undefined rounded-full w-[3rem] h-[3rem]"
    >
      0.1
    </button>
    <button
      class="inline-flex items-center justify-center gap-2 whitespace-nowrap text-sm font-medium transition-colors focus-visible:outline-none focus-visible:ring-1 focus-visible:ring-neutral-950 disabled:pointer-events-none disabled:opacity-50 [&_svg]:pointer-events-none [&_svg]:size-4 [&_svg]:shrink-0 dark:focus-visible:ring-neutral-300 border border-neutral-200 bg-white shadow-sm hover:bg-neutral-100 hover:text-neutral-900 dark:border-neutral-800 dark:bg-neutral-950 dark:hover:bg-neutral-800 dark:hover:text-neutral-50 px-4 py-2 undefined rounded-full w-[3rem] h-[3rem]"
    >
      0.2
    </button>
    <button
      class="inline-flex items-center justify-center gap-2 whitespace-nowrap text-sm font-medium transition-colors focus-visible:outline-none focus-visible:ring-1 focus-visible:ring-neutral-950 disabled:pointer-events-none disabled:opacity-50 [&_svg]:pointer-events-none [&_svg]:size-4 [&_svg]:shrink-0 dark:focus-visible:ring-neutral-300 border border-neutral-200 bg-white shadow-sm hover:bg-neutral-100 hover:text-neutral-900 dark:border-neutral-800 dark:bg-neutral-950 dark:hover:bg-neutral-800 dark:hover:text-neutral-50 px-4 py-2 undefined rounded-full w-[3rem] h-[3rem]"
    >
      0.5
    </button>
    <button
      class="inline-flex items-center justify-center gap-2 whitespace-nowrap text-sm font-medium transition-colors focus-visible:outline-none focus-visible:ring-1 focus-visible:ring-neutral-950 disabled:pointer-events-none disabled:opacity-50 [&_svg]:pointer-events-none [&_svg]:size-4 [&_svg]:shrink-0 dark:focus-visible:ring-neutral-300 border border-neutral-200 bg-white shadow-sm hover:bg-neutral-100 hover:text-neutral-900 dark:border-neutral-800 dark:bg-neutral-950 dark:hover:bg-neutral-800 dark:hover:text-neutral-50 px-4 py-2 undefined rounded-full w-[3rem] h-[3rem]"
    >
      1
    </button>
    <button
      class="inline-flex items-center justify-center gap-2 whitespace-nowrap text-sm font-medium transition-colors focus-visible:outline-none focus-visible:ring-1 focus-visible:ring-neutral-950 disabled:pointer-events-none disabled:opacity-50 [&_svg]:pointer-events-none [&_svg]:size-4 [&_svg]:shrink-0 dark:focus-visible:ring-neutral-300 border border-neutral-200 bg-white shadow-sm hover:bg-neutral-100 hover:text-neutral-900 dark:border-neutral-800 dark:bg-neutral-950 dark:hover:bg-neutral-800 dark:hover:text-neutral-50 px-4 py-2 undefined rounded-full w-[3rem] h-[3rem]"
    >
      2
    </button>
    <button
      aria-label="Insert random coin"
      class="inline-flex items-center justify-center gap-2 whitespace-nowrap text-sm font-medium transition-colors focus-visible:outline-none focus-visible:ring-1 focus-visible:ring-neutral-950 disabled:pointer-events-none disabled:opacity-50 [&_svg]:pointer-events-none [&_svg]:size-4 [&_svg]:shrink-0 dark:focus-visible:ring-neutral-300 bg-red-500 text-neutral-50 shadow-sm hover:bg-red-500/90 dark:bg-red-900 dark:text-neutral-50 dark:hover:bg-red-900/90 px-4 py-2 rounded-full w-[3rem] h-[3rem]"
      data-state="closed"
    >
      ?
    </button>
  </div>
</DocumentFragment>
`;
