// Jest Snapshot v1, https://goo.gl/fbAQLP

exports[`Machine tests should render 1`] = `
<DocumentFragment>
  <div
    class="flex gap-4 grow mb-4"
  >
    <div
      class="grid grid-cols-1 sm:grid-cols-2 md:grid-cols-4 lg:grid-cols-6 grow gap-2 gap-y-8"
    >
      <div
        class="flex flex-col"
        data-testid="product"
      >
        <div
          class="relative text-center grow pt-[50%]"
        >
          <img
            alt="Soda Can"
            data-nimg="fill"
            decoding="async"
            sizes="(max-width: 640px) 100vw, (max-width: 769px) 50vw, (max-width: 1200px) 25vw"
            src="/_next/image?url=https%3A%2F%2Fpicsum.photos%2F600%2F300%3Ftext%3DSoda%2BCan&w=3840&q=75"
            srcset="/_next/image?url=https%3A%2F%2Fpicsum.photos%2F600%2F300%3Ftext%3DSoda%2BCan&w=256&q=75 256w, /_next/image?url=https%3A%2F%2Fpicsum.photos%2F600%2F300%3Ftext%3DSoda%2BCan&w=384&q=75 384w, /_next/image?url=https%3A%2F%2Fpicsum.photos%2F600%2F300%3Ftext%3DSoda%2BCan&w=640&q=75 640w, /_next/image?url=https%3A%2F%2Fpicsum.photos%2F600%2F300%3Ftext%3DSoda%2BCan&w=750&q=75 750w, /_next/image?url=https%3A%2F%2Fpicsum.photos%2F600%2F300%3Ftext%3DSoda%2BCan&w=828&q=75 828w, /_next/image?url=https%3A%2F%2Fpicsum.photos%2F600%2F300%3Ftext%3DSoda%2BCan&w=1080&q=75 1080w, /_next/image?url=https%3A%2F%2Fpicsum.photos%2F600%2F300%3Ftext%3DSoda%2BCan&w=1200&q=75 1200w, /_next/image?url=https%3A%2F%2Fpicsum.photos%2F600%2F300%3Ftext%3DSoda%2BCan&w=1920&q=75 1920w, /_next/image?url=https%3A%2F%2Fpicsum.photos%2F600%2F300%3Ftext%3DSoda%2BCan&w=2048&q=75 2048w, /_next/image?url=https%3A%2F%2Fpicsum.photos%2F600%2F300%3Ftext%3DSoda%2BCan&w=3840&q=75 3840w"
            style="position: absolute; height: 100%; width: 100%; left: 0px; top: 0px; right: 0px; bottom: 0px; object-fit: cover; color: transparent;"
          />
        </div>
        <div
          class="flex justify-center"
        >
          <span
            class="py-1 px-2 text-sm bg-white"
          >
            001
          </span>
          <span
            class="py-1 px-2 text-sm bg-black text-white"
          >
            1.25
          </span>
        </div>
      </div>
      <div
        class="flex flex-col"
        data-testid="product"
      >
        <div
          class="relative text-center grow pt-[50%]"
        >
          <img
            alt="Candy Bar"
            data-nimg="fill"
            decoding="async"
            sizes="(max-width: 640px) 100vw, (max-width: 769px) 50vw, (max-width: 1200px) 25vw"
            src="/_next/image?url=https%3A%2F%2Fpicsum.photos%2F600%2F300%3Ftext%3DCandy%2BBar&w=3840&q=75"
            srcset="/_next/image?url=https%3A%2F%2Fpicsum.photos%2F600%2F300%3Ftext%3DCandy%2BBar&w=256&q=75 256w, /_next/image?url=https%3A%2F%2Fpicsum.photos%2F600%2F300%3Ftext%3DCandy%2BBar&w=384&q=75 384w, /_next/image?url=https%3A%2F%2Fpicsum.photos%2F600%2F300%3Ftext%3DCandy%2BBar&w=640&q=75 640w, /_next/image?url=https%3A%2F%2Fpicsum.photos%2F600%2F300%3Ftext%3DCandy%2BBar&w=750&q=75 750w, /_next/image?url=https%3A%2F%2Fpicsum.photos%2F600%2F300%3Ftext%3DCandy%2BBar&w=828&q=75 828w, /_next/image?url=https%3A%2F%2Fpicsum.photos%2F600%2F300%3Ftext%3DCandy%2BBar&w=1080&q=75 1080w, /_next/image?url=https%3A%2F%2Fpicsum.photos%2F600%2F300%3Ftext%3DCandy%2BBar&w=1200&q=75 1200w, /_next/image?url=https%3A%2F%2Fpicsum.photos%2F600%2F300%3Ftext%3DCandy%2BBar&w=1920&q=75 1920w, /_next/image?url=https%3A%2F%2Fpicsum.photos%2F600%2F300%3Ftext%3DCandy%2BBar&w=2048&q=75 2048w, /_next/image?url=https%3A%2F%2Fpicsum.photos%2F600%2F300%3Ftext%3DCandy%2BBar&w=3840&q=75 3840w"
            style="position: absolute; height: 100%; width: 100%; left: 0px; top: 0px; right: 0px; bottom: 0px; object-fit: cover; color: transparent;"
          />
          <div
            class="absolute left-1/2 top-1/2 bg-white shadow -translate-x-1/2 -translate-y-1/2 text-nowrap px-2 py-1 text-sm"
          >
            Out of stock
          </div>
        </div>
        <div
          class="flex justify-center"
        >
          <span
            class="py-1 px-2 text-sm bg-white"
          >
            002
          </span>
          <span
            class="py-1 px-2 text-sm bg-black text-white"
          >
            0.75
          </span>
        </div>
      </div>
    </div>
    <div
      class="w-[10rem] max-w-[10rem]"
    >
      <div
        class="bg-black rounded p-4 text-right text-white mb-4"
        data-testid="display"
      >
        <p
          class="text-4xl text-sky-600 font-bold mb-2"
        >
          0
        </p>
        <p
          class="h-6 text-2xl max-w-40 text-ellipsis overflow-hidden mb-2"
        />
        <p
          class="h-10 text-sm"
        />
      </div>
      <div
        class="grid grid-cols-3 gap-2"
      >
        <button
          class="inline-flex items-center justify-center gap-2 whitespace-nowrap text-sm font-medium transition-colors focus-visible:outline-none focus-visible:ring-1 focus-visible:ring-neutral-950 disabled:pointer-events-none disabled:opacity-50 [&_svg]:pointer-events-none [&_svg]:size-4 [&_svg]:shrink-0 dark:focus-visible:ring-neutral-300 border border-neutral-200 bg-white shadow-sm hover:bg-neutral-100 hover:text-neutral-900 dark:border-neutral-800 dark:bg-neutral-950 dark:hover:bg-neutral-800 dark:hover:text-neutral-50 px-4 py-2 undefined rounded-full w-[3rem] h-[3rem]"
        >
          0.01
        </button>
        <button
          class="inline-flex items-center justify-center gap-2 whitespace-nowrap text-sm font-medium transition-colors focus-visible:outline-none focus-visible:ring-1 focus-visible:ring-neutral-950 disabled:pointer-events-none disabled:opacity-50 [&_svg]:pointer-events-none [&_svg]:size-4 [&_svg]:shrink-0 dark:focus-visible:ring-neutral-300 border border-neutral-200 bg-white shadow-sm hover:bg-neutral-100 hover:text-neutral-900 dark:border-neutral-800 dark:bg-neutral-950 dark:hover:bg-neutral-800 dark:hover:text-neutral-50 px-4 py-2 undefined rounded-full w-[3rem] h-[3rem]"
        >
          0.02
        </button>
        <button
          class="inline-flex items-center justify-center gap-2 whitespace-nowrap text-sm font-medium transition-colors focus-visible:outline-none focus-visible:ring-1 focus-visible:ring-neutral-950 disabled:pointer-events-none disabled:opacity-50 [&_svg]:pointer-events-none [&_svg]:size-4 [&_svg]:shrink-0 dark:focus-visible:ring-neutral-300 border border-neutral-200 bg-white shadow-sm hover:bg-neutral-100 hover:text-neutral-900 dark:border-neutral-800 dark:bg-neutral-950 dark:hover:bg-neutral-800 dark:hover:text-neutral-50 px-4 py-2 undefined rounded-full w-[3rem] h-[3rem]"
        >
          0.05
        </button>
        <button
          class="inline-flex items-center justify-center gap-2 whitespace-nowrap text-sm font-medium transition-colors focus-visible:outline-none focus-visible:ring-1 focus-visible:ring-neutral-950 disabled:pointer-events-none disabled:opacity-50 [&_svg]:pointer-events-none [&_svg]:size-4 [&_svg]:shrink-0 dark:focus-visible:ring-neutral-300 border border-neutral-200 bg-white shadow-sm hover:bg-neutral-100 hover:text-neutral-900 dark:border-neutral-800 dark:bg-neutral-950 dark:hover:bg-neutral-800 dark:hover:text-neutral-50 px-4 py-2 undefined rounded-full w-[3rem] h-[3rem]"
        >
          0.1
        </button>
        <button
          class="inline-flex items-center justify-center gap-2 whitespace-nowrap text-sm font-medium transition-colors focus-visible:outline-none focus-visible:ring-1 focus-visible:ring-neutral-950 disabled:pointer-events-none disabled:opacity-50 [&_svg]:pointer-events-none [&_svg]:size-4 [&_svg]:shrink-0 dark:focus-visible:ring-neutral-300 border border-neutral-200 bg-white shadow-sm hover:bg-neutral-100 hover:text-neutral-900 dark:border-neutral-800 dark:bg-neutral-950 dark:hover:bg-neutral-800 dark:hover:text-neutral-50 px-4 py-2 undefined rounded-full w-[3rem] h-[3rem]"
        >
          0.2
        </button>
        <button
          class="inline-flex items-center justify-center gap-2 whitespace-nowrap text-sm font-medium transition-colors focus-visible:outline-none focus-visible:ring-1 focus-visible:ring-neutral-950 disabled:pointer-events-none disabled:opacity-50 [&_svg]:pointer-events-none [&_svg]:size-4 [&_svg]:shrink-0 dark:focus-visible:ring-neutral-300 border border-neutral-200 bg-white shadow-sm hover:bg-neutral-100 hover:text-neutral-900 dark:border-neutral-800 dark:bg-neutral-950 dark:hover:bg-neutral-800 dark:hover:text-neutral-50 px-4 py-2 undefined rounded-full w-[3rem] h-[3rem]"
        >
          0.5
        </button>
        <button
          class="inline-flex items-center justify-center gap-2 whitespace-nowrap text-sm font-medium transition-colors focus-visible:outline-none focus-visible:ring-1 focus-visible:ring-neutral-950 disabled:pointer-events-none disabled:opacity-50 [&_svg]:pointer-events-none [&_svg]:size-4 [&_svg]:shrink-0 dark:focus-visible:ring-neutral-300 border border-neutral-200 bg-white shadow-sm hover:bg-neutral-100 hover:text-neutral-900 dark:border-neutral-800 dark:bg-neutral-950 dark:hover:bg-neutral-800 dark:hover:text-neutral-50 px-4 py-2 undefined rounded-full w-[3rem] h-[3rem]"
        >
          1
        </button>
        <button
          class="inline-flex items-center justify-center gap-2 whitespace-nowrap text-sm font-medium transition-colors focus-visible:outline-none focus-visible:ring-1 focus-visible:ring-neutral-950 disabled:pointer-events-none disabled:opacity-50 [&_svg]:pointer-events-none [&_svg]:size-4 [&_svg]:shrink-0 dark:focus-visible:ring-neutral-300 border border-neutral-200 bg-white shadow-sm hover:bg-neutral-100 hover:text-neutral-900 dark:border-neutral-800 dark:bg-neutral-950 dark:hover:bg-neutral-800 dark:hover:text-neutral-50 px-4 py-2 undefined rounded-full w-[3rem] h-[3rem]"
        >
          2
        </button>
        <button
          aria-label="Insert random coin"
          class="inline-flex items-center justify-center gap-2 whitespace-nowrap text-sm font-medium transition-colors focus-visible:outline-none focus-visible:ring-1 focus-visible:ring-neutral-950 disabled:pointer-events-none disabled:opacity-50 [&_svg]:pointer-events-none [&_svg]:size-4 [&_svg]:shrink-0 dark:focus-visible:ring-neutral-300 bg-red-500 text-neutral-50 shadow-sm hover:bg-red-500/90 dark:bg-red-900 dark:text-neutral-50 dark:hover:bg-red-900/90 px-4 py-2 rounded-full w-[3rem] h-[3rem]"
          data-state="closed"
        >
          ?
        </button>
      </div>
      <div
        class="w-full h-[1px] bg-black my-4"
      />
      <div
        class="grid grid-cols-3 gap-2 mb-3"
      >
        <button
          class="inline-flex items-center justify-center gap-2 whitespace-nowrap text-sm font-medium transition-colors focus-visible:outline-none focus-visible:ring-1 focus-visible:ring-neutral-950 disabled:pointer-events-none disabled:opacity-50 [&_svg]:pointer-events-none [&_svg]:size-4 [&_svg]:shrink-0 dark:focus-visible:ring-neutral-300 border border-neutral-200 bg-white shadow-sm hover:bg-neutral-100 hover:text-neutral-900 dark:border-neutral-800 dark:bg-neutral-950 dark:hover:bg-neutral-800 dark:hover:text-neutral-50 px-4 py-2 undefined rounded-full w-[3rem] h-[3rem]"
        >
          1
        </button>
        <button
          class="inline-flex items-center justify-center gap-2 whitespace-nowrap text-sm font-medium transition-colors focus-visible:outline-none focus-visible:ring-1 focus-visible:ring-neutral-950 disabled:pointer-events-none disabled:opacity-50 [&_svg]:pointer-events-none [&_svg]:size-4 [&_svg]:shrink-0 dark:focus-visible:ring-neutral-300 border border-neutral-200 bg-white shadow-sm hover:bg-neutral-100 hover:text-neutral-900 dark:border-neutral-800 dark:bg-neutral-950 dark:hover:bg-neutral-800 dark:hover:text-neutral-50 px-4 py-2 undefined rounded-full w-[3rem] h-[3rem]"
        >
          2
        </button>
        <button
          class="inline-flex items-center justify-center gap-2 whitespace-nowrap text-sm font-medium transition-colors focus-visible:outline-none focus-visible:ring-1 focus-visible:ring-neutral-950 disabled:pointer-events-none disabled:opacity-50 [&_svg]:pointer-events-none [&_svg]:size-4 [&_svg]:shrink-0 dark:focus-visible:ring-neutral-300 border border-neutral-200 bg-white shadow-sm hover:bg-neutral-100 hover:text-neutral-900 dark:border-neutral-800 dark:bg-neutral-950 dark:hover:bg-neutral-800 dark:hover:text-neutral-50 px-4 py-2 undefined rounded-full w-[3rem] h-[3rem]"
        >
          3
        </button>
        <button
          class="inline-flex items-center justify-center gap-2 whitespace-nowrap text-sm font-medium transition-colors focus-visible:outline-none focus-visible:ring-1 focus-visible:ring-neutral-950 disabled:pointer-events-none disabled:opacity-50 [&_svg]:pointer-events-none [&_svg]:size-4 [&_svg]:shrink-0 dark:focus-visible:ring-neutral-300 border border-neutral-200 bg-white shadow-sm hover:bg-neutral-100 hover:text-neutral-900 dark:border-neutral-800 dark:bg-neutral-950 dark:hover:bg-neutral-800 dark:hover:text-neutral-50 px-4 py-2 undefined rounded-full w-[3rem] h-[3rem]"
        >
          4
        </button>
        <button
          class="inline-flex items-center justify-center gap-2 whitespace-nowrap text-sm font-medium transition-colors focus-visible:outline-none focus-visible:ring-1 focus-visible:ring-neutral-950 disabled:pointer-events-none disabled:opacity-50 [&_svg]:pointer-events-none [&_svg]:size-4 [&_svg]:shrink-0 dark:focus-visible:ring-neutral-300 border border-neutral-200 bg-white shadow-sm hover:bg-neutral-100 hover:text-neutral-900 dark:border-neutral-800 dark:bg-neutral-950 dark:hover:bg-neutral-800 dark:hover:text-neutral-50 px-4 py-2 undefined rounded-full w-[3rem] h-[3rem]"
        >
          5
        </button>
        <button
          class="inline-flex items-center justify-center gap-2 whitespace-nowrap text-sm font-medium transition-colors focus-visible:outline-none focus-visible:ring-1 focus-visible:ring-neutral-950 disabled:pointer-events-none disabled:opacity-50 [&_svg]:pointer-events-none [&_svg]:size-4 [&_svg]:shrink-0 dark:focus-visible:ring-neutral-300 border border-neutral-200 bg-white shadow-sm hover:bg-neutral-100 hover:text-neutral-900 dark:border-neutral-800 dark:bg-neutral-950 dark:hover:bg-neutral-800 dark:hover:text-neutral-50 px-4 py-2 undefined rounded-full w-[3rem] h-[3rem]"
        >
          6
        </button>
        <button
          class="inline-flex items-center justify-center gap-2 whitespace-nowrap text-sm font-medium transition-colors focus-visible:outline-none focus-visible:ring-1 focus-visible:ring-neutral-950 disabled:pointer-events-none disabled:opacity-50 [&_svg]:pointer-events-none [&_svg]:size-4 [&_svg]:shrink-0 dark:focus-visible:ring-neutral-300 border border-neutral-200 bg-white shadow-sm hover:bg-neutral-100 hover:text-neutral-900 dark:border-neutral-800 dark:bg-neutral-950 dark:hover:bg-neutral-800 dark:hover:text-neutral-50 px-4 py-2 undefined rounded-full w-[3rem] h-[3rem]"
        >
          7
        </button>
        <button
          class="inline-flex items-center justify-center gap-2 whitespace-nowrap text-sm font-medium transition-colors focus-visible:outline-none focus-visible:ring-1 focus-visible:ring-neutral-950 disabled:pointer-events-none disabled:opacity-50 [&_svg]:pointer-events-none [&_svg]:size-4 [&_svg]:shrink-0 dark:focus-visible:ring-neutral-300 border border-neutral-200 bg-white shadow-sm hover:bg-neutral-100 hover:text-neutral-900 dark:border-neutral-800 dark:bg-neutral-950 dark:hover:bg-neutral-800 dark:hover:text-neutral-50 px-4 py-2 undefined rounded-full w-[3rem] h-[3rem]"
        >
          8
        </button>
        <button
          class="inline-flex items-center justify-center gap-2 whitespace-nowrap text-sm font-medium transition-colors focus-visible:outline-none focus-visible:ring-1 focus-visible:ring-neutral-950 disabled:pointer-events-none disabled:opacity-50 [&_svg]:pointer-events-none [&_svg]:size-4 [&_svg]:shrink-0 dark:focus-visible:ring-neutral-300 border border-neutral-200 bg-white shadow-sm hover:bg-neutral-100 hover:text-neutral-900 dark:border-neutral-800 dark:bg-neutral-950 dark:hover:bg-neutral-800 dark:hover:text-neutral-50 px-4 py-2 undefined rounded-full w-[3rem] h-[3rem]"
        >
          9
        </button>
        <span
          data-state="closed"
        >
          <button
            class="inline-flex items-center justify-center gap-2 whitespace-nowrap text-sm font-medium transition-colors focus-visible:outline-none focus-visible:ring-1 focus-visible:ring-neutral-950 disabled:pointer-events-none disabled:opacity-50 [&_svg]:pointer-events-none [&_svg]:size-4 [&_svg]:shrink-0 dark:focus-visible:ring-neutral-300 bg-red-500 text-neutral-50 shadow-sm hover:bg-red-500/90 dark:bg-red-900 dark:text-neutral-50 dark:hover:bg-red-900/90 px-4 py-2 undefined rounded-full w-[3rem] h-[3rem]"
          >
            <div />
          </button>
        </span>
        <button
          class="inline-flex items-center justify-center gap-2 whitespace-nowrap text-sm font-medium transition-colors focus-visible:outline-none focus-visible:ring-1 focus-visible:ring-neutral-950 disabled:pointer-events-none disabled:opacity-50 [&_svg]:pointer-events-none [&_svg]:size-4 [&_svg]:shrink-0 dark:focus-visible:ring-neutral-300 border border-neutral-200 bg-white shadow-sm hover:bg-neutral-100 hover:text-neutral-900 dark:border-neutral-800 dark:bg-neutral-950 dark:hover:bg-neutral-800 dark:hover:text-neutral-50 px-4 py-2 undefined rounded-full w-[3rem] h-[3rem]"
        >
          0
        </button>
        <span
          data-state="closed"
        >
          <button
            class="inline-flex items-center justify-center gap-2 whitespace-nowrap text-sm font-medium transition-colors focus-visible:outline-none focus-visible:ring-1 focus-visible:ring-neutral-950 disabled:pointer-events-none disabled:opacity-50 [&_svg]:pointer-events-none [&_svg]:size-4 [&_svg]:shrink-0 dark:focus-visible:ring-neutral-300 bg-neutral-900 text-neutral-50 shadow hover:bg-neutral-900/90 dark:bg-neutral-50 dark:text-neutral-900 dark:hover:bg-neutral-50/90 px-4 py-2 undefined rounded-full w-[3rem] h-[3rem]"
          >
            <div />
          </button>
        </span>
      </div>
      <button
        aria-label="purchase specified product"
        class="inline-flex items-center justify-center gap-2 whitespace-nowrap rounded-md text-sm font-medium transition-colors focus-visible:outline-none focus-visible:ring-1 focus-visible:ring-neutral-950 disabled:pointer-events-none disabled:opacity-50 [&_svg]:pointer-events-none [&_svg]:size-4 [&_svg]:shrink-0 dark:focus-visible:ring-neutral-300 bg-neutral-900 text-neutral-50 shadow hover:bg-neutral-900/90 dark:bg-neutral-50 dark:text-neutral-900 dark:hover:bg-neutral-50/90 h-9 px-4 py-2 w-full"
      >
        <div />
         Purchase
      </button>
    </div>
  </div>
  <div
    class="w-full h-[1px] bg-black my-4"
  />
  <div
    class="flex gap-2 pt-4 w-full max-w-full flex-wrap"
    data-testid="cash-hopper"
  />
</DocumentFragment>
`;
