// Jest Snapshot v1, https://goo.gl/fbAQLP

exports[`ResponsiveContainer tests should render 1`] = `
<DocumentFragment>
  <div
    class="p-4 className mx-auto w-full max-w-[1240]"
  />
</DocumentFragment>
`;
